// Vitest Snapshot v1, https://vitest.dev/guide/snapshot.html

exports[`Start Component > should render correctly 1`] = `
<div>
  <div
    class="_fullPage_cdad51 "
  >
    <div
      class="_centrePage_cdad51"
    >
      <div
        class="_outerBorder_eb02eb"
      >
        <div
          class="_innerBox_eb02eb"
          style="height: 525px; width: 525px;"
        >
          <form
            class="_containerDiv_6e7aa2"
          >
            <div
              class="_welcomeText_6e7aa2"
            >
              <span
                class="_textWelcomeTo_6e7aa2"
              >
                Welcome to 
              </span>
              <span
                class="_textTicTacToe_6e7aa2"
              >
                TIC TAC TOE
              </span>
            </div>
            <div
              class="_listOfPlayerDetails_6e7aa2"
              data-testid="player-detail-list"
            >
              <div
                class="_control_1d93d0"
                data-testid="player-detail"
              >
                <label>
                  PLAYER 1
                </label>
                <input
                  data-testid="player-detail-name"
                  maxlength="25"
                  minlength="1"
                  name="name"
                  required=""
                  type="text"
                  value=""
                />
              </div>
              <div
                class="_control_1d93d0"
                data-testid="player-detail"
              >
                <label>
                  PLAYER 2
                </label>
                <input
                  data-testid="player-detail-name"
                  maxlength="25"
                  minlength="1"
                  name="name"
                  required=""
                  type="text"
                  value=""
                />
              </div>
              <div
                class="_control_1d93d0"
                data-testid="player-detail"
              >
                <label>
                  PLAYER 3
                </label>
                <input
                  data-testid="player-detail-name"
                  maxlength="25"
                  minlength="1"
                  name="name"
                  required=""
                  type="text"
                  value=""
                />
              </div>
              <div
                class="_control_1d93d0"
                data-testid="player-detail"
              >
                <label>
                  PLAYER 4
                </label>
                <input
                  data-testid="player-detail-name"
                  maxlength="25"
                  minlength="1"
                  name="name"
                  required=""
                  type="text"
                  value=""
                />
              </div>
            </div>
            <button
              class="_continueBtn_6e7aa2"
            >
              Continue
            </button>
          </form>
        </div>
      </div>
    </div>
  </div>
</div>
`;
